Archive member included because of file (symbol)

/home/phil-martin/design/software/yocto/freescale/fsl-community-bsp/build/tmp/sysroots/imx6qsabresd/usr/lib/arm-poky-linux-gnueabi/4.9.2/libgcc.a(_udivsi3.o)
                              arch/arm/cpu/armv7/built-in.o (__aeabi_uidiv)
/home/phil-martin/design/software/yocto/freescale/fsl-community-bsp/build/tmp/sysroots/imx6qsabresd/usr/lib/arm-poky-linux-gnueabi/4.9.2/libgcc.a(_divsi3.o)
                              common/built-in.o (__aeabi_idiv)
/home/phil-martin/design/software/yocto/freescale/fsl-community-bsp/build/tmp/sysroots/imx6qsabresd/usr/lib/arm-poky-linux-gnueabi/4.9.2/libgcc.a(_lshrdi3.o)
                              fs/built-in.o (__aeabi_llsr)
/home/phil-martin/design/software/yocto/freescale/fsl-community-bsp/build/tmp/sysroots/imx6qsabresd/usr/lib/arm-poky-linux-gnueabi/4.9.2/libgcc.a(_ashldi3.o)
                              drivers/mmc/built-in.o (__aeabi_llsl)
/home/phil-martin/design/software/yocto/freescale/fsl-community-bsp/build/tmp/sysroots/imx6qsabresd/usr/lib/arm-poky-linux-gnueabi/4.9.2/libgcc.a(_dvmd_lnx.o)
                              /home/phil-martin/design/software/yocto/freescale/fsl-community-bsp/build/tmp/sysroots/imx6qsabresd/usr/lib/arm-poky-linux-gnueabi/4.9.2/libgcc.a(_udivsi3.o) (__aeabi_idiv0)

Discarded input sections

 .data          0x0000000000000000        0x0 arch/arm/cpu/armv7/start.o
 .bss           0x0000000000000000        0x0 arch/arm/cpu/armv7/start.o
 .text.v7_outer_cache_flush_all
                0x0000000000000000        0x4 arch/arm/cpu/armv7/built-in.o
 .text.v7_outer_cache_inval_all
                0x0000000000000000        0x4 arch/arm/cpu/armv7/built-in.o
 .text.v7_outer_cache_flush_range
                0x0000000000000000        0x4 arch/arm/cpu/armv7/built-in.o
 .text.v7_outer_cache_inval_range
                0x0000000000000000        0x4 arch/arm/cpu/armv7/built-in.o
 .text.v7_arch_cp15_set_l2aux_ctrl
                0x0000000000000000        0x8 arch/arm/cpu/armv7/built-in.o
 .text.v7_arch_cp15_set_acr
                0x0000000000000000        0x8 arch/arm/cpu/armv7/built-in.o
 .text.sdelay   0x0000000000000000        0xc arch/arm/cpu/armv7/built-in.o
 .text.wait_on_value
                0x0000000000000000       0x34 arch/arm/cpu/armv7/built-in.o
 .text.enable_enet_clk
                0x0000000000000000       0x24 arch/arm/cpu/armv7/built-in.o
 .text.enable_uart_clk
                0x0000000000000000       0x24 arch/arm/cpu/armv7/built-in.o
 .text.enable_usdhc_clk
                0x0000000000000000       0x4c arch/arm/cpu/armv7/built-in.o
 .text.enable_spi_clk
                0x0000000000000000       0x44 arch/arm/cpu/armv7/built-in.o
 .text.enable_fec_anatop_clock
                0x0000000000000000       0x80 arch/arm/cpu/armv7/built-in.o
 .text.enable_sata_clock
                0x0000000000000000       0x1c arch/arm/cpu/armv7/built-in.o
 .text.disable_sata_clock
                0x0000000000000000       0x18 arch/arm/cpu/armv7/built-in.o
 .data          0x0000000000000000        0x0 arch/arm/cpu/armv7/built-in.o
 .bss           0x0000000000000000        0x0 arch/arm/cpu/armv7/built-in.o
 .text          0x0000000000000000        0x0 arch/arm/imx-common/built-in.o
 .text.usec2ticks
                0x0000000000000000       0x68 arch/arm/imx-common/built-in.o
 .text.get_imx_reset_cause
                0x0000000000000000       0x10 arch/arm/imx-common/built-in.o
 .text.set_chipselect_size
                0x0000000000000000       0x84 arch/arm/imx-common/built-in.o
 .text.mxs_wait_mask_set
                0x0000000000000000       0x40 arch/arm/imx-common/built-in.o
 .text.mxs_wait_mask_clr
                0x0000000000000000       0x3c arch/arm/imx-common/built-in.o
 .text.mxs_reset_block
                0x0000000000000000       0x90 arch/arm/imx-common/built-in.o
 .data          0x0000000000000000        0x0 arch/arm/imx-common/built-in.o
 .bss           0x0000000000000000        0x0 arch/arm/imx-common/built-in.o
 .text.flush_cache
                0x0000000000000000        0x4 arch/arm/lib/built-in.o
 .text.flush_dcache_all
                0x0000000000000000        0xc arch/arm/lib/built-in.o
 .text.enable_caches
                0x0000000000000000        0xc arch/arm/lib/built-in.o
 .text.arm_init_before_mmu
                0x0000000000000000        0x4 arch/arm/lib/built-in.o
 .text.mmu_page_table_flush
                0x0000000000000000        0x4 arch/arm/lib/built-in.o
 .rodata.pl310  0x0000000000000000        0x4 arch/arm/lib/built-in.o
 .data          0x0000000000000000        0x0 arch/arm/lib/built-in.o
 .__secure_start
                0x0000000000000000        0x0 arch/arm/lib/built-in.o
 .__secure_end  0x0000000000000000        0x0 arch/arm/lib/built-in.o
 .bss           0x0000000000000000        0x0 arch/arm/lib/built-in.o
 .text          0x0000000000000000        0x0 board/freescale/common/built-in.o
 .data          0x0000000000000000        0x0 board/freescale/common/built-in.o
[...]
Memory Configuration

Name             Origin             Length             Attributes
*default*        0x0000000000000000 0xffffffffffffffff

Linker script and memory map

Address of section .text set to 0x17800000
                0x0000000000000000                . = 0x0
                0x0000000000000000                . = ALIGN (0x4)

.text           0x0000000017800000    0x43370
 *(.__image_copy_start)
 .__image_copy_start
                0x0000000017800000        0x0 arch/arm/lib/built-in.o
                0x0000000017800000                __image_copy_start
 *(.vectors)
 .vectors       0x0000000017800000      0x300 arch/arm/lib/built-in.o
                0x0000000017800000                _start
                0x0000000017800020                _undefined_instruction
                0x0000000017800024                _software_interrupt
                0x0000000017800028                _prefetch_abort
                0x000000001780002c                _data_abort
                0x0000000017800030                _not_used
                0x0000000017800034                _irq
                0x0000000017800038                _fiq
                0x0000000017800040                IRQ_STACK_START_IN
 arch/arm/cpu/armv7/start.o(.text*)
 .text          0x0000000017800300       0xe0 arch/arm/cpu/armv7/start.o
                0x0000000017800300                reset
                0x0000000017800304                save_boot_params_ret
                0x0000000017800340                c_runtime_cpu_setup
                0x0000000017800350                save_boot_params
                0x0000000017800354                cpu_init_cp15
                0x00000000178003d8                cpu_init_crit
 *(.text*)
 .text          0x00000000178003e0       0x1c arch/arm/cpu/armv7/built-in.o
                0x00000000178003e0                lowlevel_init
 .text.v7_maint_dcache_all
                0x00000000178003fc       0xd0 arch/arm/cpu/armv7/built-in.o
 .text.invalidate_icache_all
                0x00000000178004cc       0x18 arch/arm/cpu/armv7/built-in.o
                0x00000000178004cc                invalidate_icache_all
 .text.v7_outer_cache_enable
                0x00000000178004e4       0x58 arch/arm/cpu/armv7/built-in.o
                0x00000000178004e8                v7_outer_cache_enable
 .text.v7_outer_cache_disable
                0x000000001780053c       0x1c arch/arm/cpu/armv7/built-in.o
                0x0000000017800540                v7_outer_cache_disable
 .text.flush_dcache_all
                0x0000000017800558       0x14 arch/arm/cpu/armv7/built-in.o
                0x0000000017800558                flush_dcache_all
 .text.invalidate_dcache_all
                0x000000001780056c       0x14 arch/arm/cpu/armv7/built-in.o
                0x000000001780056c                invalidate_dcache_all
 .text.arm_init_before_mmu
                0x0000000017800580       0x28 arch/arm/cpu/armv7/built-in.o
                0x0000000017800580                arm_init_before_mmu
 .text.flush_dcache_range
                0x00000000178005a8       0x3c arch/arm/cpu/armv7/built-in.o
                0x00000000178005a8                flush_dcache_range
 .text.mmu_page_table_flush
                0x00000000178005e4       0x24 arch/arm/cpu/armv7/built-in.o
                0x00000000178005e4                mmu_page_table_flush
 .text.flush_cache
                0x0000000017800608        0x8 arch/arm/cpu/armv7/built-in.o
                0x0000000017800608                flush_cache
 .text.invalidate_dcache_range
                0x0000000017800610       0xac arch/arm/cpu/armv7/built-in.o
                0x0000000017800610                invalidate_dcache_range
 .text.cpu_cache_initialization
                0x00000000178006bc        0x4 arch/arm/cpu/armv7/built-in.o
                0x00000000178006bc                cpu_cache_initialization
 .text.cleanup_before_linux
                0x00000000178006c0       0x28 arch/arm/cpu/armv7/built-in.o
                0x00000000178006c0                cleanup_before_linux
 .text.get_nr_cpus
                0x00000000178006e8       0x10 arch/arm/cpu/armv7/built-in.o
                0x00000000178006e8                get_nr_cpus
 .text.get_cpu_rev
                0x00000000178006f8       0x60 arch/arm/cpu/armv7/built-in.o
                0x00000000178006f8                get_cpu_rev
 .text.get_cpu_speed_grade_hz
                0x0000000017800758       0xb0 arch/arm/cpu/armv7/built-in.o
                0x0000000017800758                get_cpu_speed_grade_hz
 .text.get_cpu_temp_grade
                0x0000000017800808       0x68 arch/arm/cpu/armv7/built-in.o
                0x0000000017800808                get_cpu_temp_grade
 .text.get_board_rev
                0x0000000017800870       0x30 arch/arm/cpu/armv7/built-in.o
                0x0000000017800870                get_board_rev
 .text.init_aips
                0x00000000178008a0       0x58 arch/arm/cpu/armv7/built-in.o
                0x00000000178008a0                init_aips
 .text.arch_cpu_init
                0x00000000178008f8       0xac arch/arm/cpu/armv7/built-in.o
                0x00000000178008f8                arch_cpu_init
 .text.board_postclk_init
                0x00000000178009a4       0x50 arch/arm/cpu/armv7/built-in.o
                0x00000000178009a4                board_postclk_init
 .text.enable_caches
                0x00000000178009f4       0x34 arch/arm/cpu/armv7/built-in.o
                0x00000000178009f4                enable_caches
 .text.imx_get_mac_from_fuse
                0x0000000017800a28       0x3c arch/arm/cpu/armv7/built-in.o
                0x0000000017800a28                imx_get_mac_from_fuse
 .text.boot_mode_apply
                0x0000000017800a64       0x24 arch/arm/cpu/armv7/built-in.o
                0x0000000017800a64                boot_mode_apply
 .text.s_init   0x0000000017800a88       0x78 arch/arm/cpu/armv7/built-in.o
                0x0000000017800a88                s_init
 .text.imx_enable_hdmi_phy
                0x0000000017800b00       0x4c arch/arm/cpu/armv7/built-in.o
                0x0000000017800b00                imx_enable_hdmi_phy
 .text.imx_setup_hdmi
                0x0000000017800b4c       0x38 arch/arm/cpu/armv7/built-in.o
                0x0000000017800b4c                imx_setup_hdmi
 .text.enable_enet_pll
                0x0000000017800b84       0x68 arch/arm/cpu/armv7/built-in.o
 .text.get_ipg_clk
                0x0000000017800bec       0x28 arch/arm/cpu/armv7/built-in.o
 .text.get_uart_clk
                0x0000000017800c14       0x54 arch/arm/cpu/armv7/built-in.o
 .text.mxc_get_pll_pfd
                0x0000000017800c68       0xa0 arch/arm/cpu/armv7/built-in.o
 .text.get_usdhc_clk
                0x0000000017800d08       0x90 arch/arm/cpu/armv7/built-in.o
 .text.enable_ocotp_clk
                0x0000000017800d98       0x24 arch/arm/cpu/armv7/built-in.o
                0x0000000017800d98                enable_ocotp_clk
 .text.enable_usboh3_clk
                0x0000000017800dbc       0x24 arch/arm/cpu/armv7/built-in.o
                0x0000000017800dbc                enable_usboh3_clk
 .text.enable_i2c_clk
                0x0000000017800de0       0x68 arch/arm/cpu/armv7/built-in.o
                0x0000000017800de0                enable_i2c_clk
 .text.get_periph_clk
                0x0000000017800e48       0xb8 arch/arm/cpu/armv7/built-in.o
                0x0000000017800e48                get_periph_clk
 .text.get_axi_clk
                0x0000000017800f00       0x4c arch/arm/cpu/armv7/built-in.o
 .text.imx_get_uartclk
                0x0000000017800f4c        0x4 arch/arm/cpu/armv7/built-in.o
                0x0000000017800f4c                imx_get_uartclk
 .text.enable_pcie_clock
                0x0000000017800f50       0x70 arch/arm/cpu/armv7/built-in.o
                0x0000000017800f50                enable_pcie_clock
 .text.enable_thermal_clk
                0x0000000017800fc0       0x48 arch/arm/cpu/armv7/built-in.o
                0x0000000017800fc0                enable_thermal_clk
 .text.mxc_get_clock
                0x0000000017801008      0x1cc arch/arm/cpu/armv7/built-in.o
                0x0000000017801008                mxc_get_clock
 .text.imx_get_fecclk
                0x00000000178011d4        0x8 arch/arm/cpu/armv7/built-in.o
                0x00000000178011d4                imx_get_fecclk
 .text.do_mx6_showclocks
                0x00000000178011dc      0x24c arch/arm/cpu/armv7/built-in.o
                0x00000000178011dc                do_mx6_showclocks
 .text.enable_ipu_clock
                0x0000000017801428       0x18 arch/arm/cpu/armv7/built-in.o
                0x0000000017801428                enable_ipu_clock
 .text.cpu_reset
                0x0000000017801440       0x28 arch/arm/cpu/armv7/built-in.o
                0x0000000017801440                cpu_reset
 .text.cpu_status
                0x0000000017801468       0x40 arch/arm/cpu/armv7/built-in.o
                0x0000000017801468                cpu_status
 .text.cpu_release
                0x00000000178014a8       0x80 arch/arm/cpu/armv7/built-in.o
                0x00000000178014a8                cpu_release
 .text.is_core_valid
                0x0000000017801528       0x1c arch/arm/cpu/armv7/built-in.o
                0x0000000017801528                is_core_valid
 .text.cpu_disable
                0x0000000017801544       0x28 arch/arm/cpu/armv7/built-in.o
                0x0000000017801544                cpu_disable
 .text.imx_iomux_v3_setup_pad
                0x000000001780156c       0xb8 arch/arm/imx-common/built-in.o
                0x000000001780156c                imx_iomux_v3_setup_pad
 .text.imx_iomux_v3_setup_multiple_pads
                0x0000000017801624       0x2c arch/arm/imx-common/built-in.o
                0x0000000017801624                imx_iomux_v3_setup_multiple_pads
 .text.imx_iomux_set_gpr_register
                0x0000000017801650       0x3c arch/arm/imx-common/built-in.o
                0x0000000017801650                imx_iomux_set_gpr_register
 .text.timer_init
                0x000000001780168c      0x108 arch/arm/imx-common/built-in.o
                0x000000001780168c                timer_init
 .text.get_ticks
                0x0000000017801794       0x44 arch/arm/imx-common/built-in.o
                0x0000000017801794                get_ticks
 .text.get_timer_masked
                0x00000000178017d8       0xdc arch/arm/imx-common/built-in.o
                0x00000000178017d8                get_timer_masked
 .text.get_timer
                0x00000000178018b4       0x14 arch/arm/imx-common/built-in.o
                0x00000000178018b4                get_timer
 .text.__udelay
                0x00000000178018c8      0x114 arch/arm/imx-common/built-in.o
                0x00000000178018c8                __udelay
 .text.get_tbclk
                0x00000000178019dc       0x80 arch/arm/imx-common/built-in.o
                0x00000000178019dc                get_tbclk
 .text.imx_ddr_size
                0x0000000017801a5c       0x64 arch/arm/imx-common/built-in.o
                0x0000000017801a5c                imx_ddr_size
 .text.get_imx_type
                0x0000000017801ac0       0x20 arch/arm/imx-common/built-in.o
                0x0000000017801ac0                get_imx_type
 .text.print_cpuinfo
                0x0000000017801ae0      0x210 arch/arm/imx-common/built-in.o
                0x0000000017801ae0                print_cpuinfo
 .text.cpu_eth_init
                0x0000000017801cf0        0x4 arch/arm/imx-common/built-in.o
                0x0000000017801cf0                cpu_eth_init
 .text.cpu_mmc_init
                0x0000000017801cf4        0x4 arch/arm/imx-common/built-in.o
                0x0000000017801cf4                cpu_mmc_init
 .text.get_ahb_clk
                0x0000000017801cf8       0x24 arch/arm/imx-common/built-in.o
                0x0000000017801cf8                get_ahb_clk
 .text.arch_preboot_os
                0x0000000017801d1c        0x4 arch/arm/imx-common/built-in.o
                0x0000000017801d1c                arch_preboot_os
 .text.get_clocks
                0x0000000017801d20       0x1c arch/arm/imx-common/built-in.o
                0x0000000017801d20                get_clocks
 .text.force_idle_bus
                0x0000000017801d3c      0x124 arch/arm/imx-common/built-in.o
 .text.setup_i2c
                0x0000000017801e60       0xe4 arch/arm/imx-common/built-in.o
                0x0000000017801e60                setup_i2c
 .text.board_video_skip
                0x0000000017801f44      0x170 arch/arm/imx-common/built-in.o
                0x0000000017801f44                board_video_skip
 .text.detect_hdmi
                0x00000000178020b4       0x18 arch/arm/imx-common/built-in.o
                0x00000000178020b4                detect_hdmi
 .text.create_usage
                0x00000000178020cc       0xa0 arch/arm/imx-common/built-in.o
 .text.do_boot_mode
                0x000000001780216c       0xcc arch/arm/imx-common/built-in.o
 .text.add_board_boot_modes
                0x0000000017802238       0x60 arch/arm/imx-common/built-in.o
                0x0000000017802238                add_board_boot_modes
 .text          0x0000000017802298       0xa8 arch/arm/lib/built-in.o
                0x0000000017802298                _main
 .text.relocate_vectors
                0x0000000017802340       0x70 arch/arm/lib/built-in.o
                0x0000000017802340                relocate_vectors
                0x000000001780234c                relocate_code
 .text.arch_fixup_fdt
                0x00000000178023b0       0x38 arch/arm/lib/built-in.o
                0x00000000178023b0                arch_fixup_fdt
 .text.boot_jump_linux
                0x00000000178023e8       0xb8 arch/arm/lib/built-in.o
 .text.arch_lmb_reserve
                0x00000000178024a0       0x24 arch/arm/lib/built-in.o
                0x00000000178024a0                arch_lmb_reserve
 .text.setup_board_tags
                0x00000000178024c4        0x4 arch/arm/lib/built-in.o
                0x00000000178024c4                setup_board_tags
 .text.boot_prep_linux
                0x00000000178024c8      0x194 arch/arm/lib/built-in.o
 .text.do_bootm_linux
                0x000000001780265c       0x5c arch/arm/lib/built-in.o
                0x000000001780265c                do_bootm_linux
 .text.bootz_setup
                0x00000000178026b8       0x60 arch/arm/lib/built-in.o
                0x00000000178026b8                bootz_setup
 .text.boot_prep_vxworks
                0x0000000017802718       0x50 arch/arm/lib/built-in.o
                0x0000000017802718                boot_prep_vxworks
 .text.boot_jump_vxworks
                0x0000000017802768        0xc arch/arm/lib/built-in.o
                0x0000000017802768                boot_jump_vxworks
 .text.pl310_background_op_all_ways
                0x0000000017802774       0x38 arch/arm/lib/built-in.o
 .text.v7_outer_cache_inval_all
                0x00000000178027ac        0xc arch/arm/lib/built-in.o
                0x00000000178027ac                v7_outer_cache_inval_all
 .text.v7_outer_cache_flush_all
                0x00000000178027b8        0xc arch/arm/lib/built-in.o
                0x00000000178027b8                v7_outer_cache_flush_all
 .text.v7_outer_cache_flush_range
                0x00000000178027c4       0x30 arch/arm/lib/built-in.o
                0x00000000178027c4                v7_outer_cache_flush_range
 .text.v7_outer_cache_inval_range
                0x00000000178027f4       0x80 arch/arm/lib/built-in.o
                0x00000000178027f4                v7_outer_cache_inval_range
 .text.arch_reserve_stacks
                0x0000000017802874       0x1c arch/arm/lib/built-in.o
                0x0000000017802874                arch_reserve_stacks
 .text.interrupt_init
                0x0000000017802890       0x1c arch/arm/lib/built-in.o
                0x0000000017802890                interrupt_init
 .text.enable_interrupts
                0x00000000178028ac        0x4 arch/arm/lib/built-in.o
                0x00000000178028ac                enable_interrupts
 .text.disable_interrupts
                0x00000000178028b0        0x8 arch/arm/lib/built-in.o
                0x00000000178028b0                disable_interrupts
 .text.bad_mode
                0x00000000178028b8       0x10 arch/arm/lib/built-in.o
                0x00000000178028b8                bad_mode
 .text.show_regs
                0x00000000178028c8      0x174 arch/arm/lib/built-in.o
                0x00000000178028c8                show_regs
 .text.do_undefined_instruction
                0x0000000017802a3c       0x20 arch/arm/lib/built-in.o
                0x0000000017802a3c                do_undefined_instruction
 .text.do_software_interrupt
                0x0000000017802a5c       0x20 arch/arm/lib/built-in.o
                0x0000000017802a5c                do_software_interrupt
 .text.do_prefetch_abort
                0x0000000017802a7c       0x20 arch/arm/lib/built-in.o
                0x0000000017802a7c                do_prefetch_abort
 .text.do_data_abort
                0x0000000017802a9c       0x20 arch/arm/lib/built-in.o
                0x0000000017802a9c                do_data_abort
 .text.do_not_used
                0x0000000017802abc       0x20 arch/arm/lib/built-in.o
                0x0000000017802abc                do_not_used
 .text.do_fiq   0x0000000017802adc       0x20 arch/arm/lib/built-in.o
                0x0000000017802adc                do_fiq
 .text.do_irq   0x0000000017802afc       0x20 arch/arm/lib/built-in.o
                0x0000000017802afc                do_irq
 .text.reset_misc
                0x0000000017802b1c        0x4 arch/arm/lib/built-in.o
                0x0000000017802b1c                reset_misc
 .text.do_reset
                0x0000000017802b20       0x30 arch/arm/lib/built-in.o
                0x0000000017802b20                do_reset
 .text.cp_delay
                0x0000000017802b50       0x30 arch/arm/lib/built-in.o
 .text.arm_init_domains
                0x0000000017802b80        0x4 arch/arm/lib/built-in.o
                0x0000000017802b80                arm_init_domains
 .text.set_section_dcache
                0x0000000017802b84       0x14 arch/arm/lib/built-in.o
                0x0000000017802b84                set_section_dcache
 .text.mmu_set_region_dcache_behaviour
                0x0000000017802b98       0x50 arch/arm/lib/built-in.o
                0x0000000017802b98                mmu_set_region_dcache_behaviour
 .text.dram_bank_mmu_setup
                0x0000000017802be8       0x44 arch/arm/lib/built-in.o
                0x0000000017802be8                dram_bank_mmu_setup
 .text.icache_enable
                0x0000000017802c2c       0x18 arch/arm/lib/built-in.o
                0x0000000017802c2c                icache_enable
 .text.icache_disable
                0x0000000017802c44       0x1c arch/arm/lib/built-in.o
                0x0000000017802c44                icache_disable
 .text.icache_status
                0x0000000017802c60        0xc arch/arm/lib/built-in.o
                0x0000000017802c60                icache_status
 .text.dcache_enable
                0x0000000017802c6c       0x6c arch/arm/lib/built-in.o
                0x0000000017802c6c                dcache_enable
 .text.dcache_disable
                0x0000000017802cd8       0x2c arch/arm/lib/built-in.o
                0x0000000017802cd8                dcache_disable
 .text.dcache_status
                0x0000000017802d04        0xc arch/arm/lib/built-in.o
                0x0000000017802d04                dcache_status
 .text.pfuze_mode_init
                0x0000000017802d10       0xa0 board/freescale/common/built-in.o
                0x0000000017802d10                pfuze_mode_init
 .text.pfuze_common_init
                0x0000000017802db0      0x10c board/freescale/common/built-in.o
                0x0000000017802db0                pfuze_common_init
 .text.enable_lvds
                0x0000000017802ebc       0x14 board/freescale/mx6sabresd/built-in.o
 .text.enable_rgb
                0x0000000017802ed0       0x24 board/freescale/mx6sabresd/built-in.o
 .text.do_enable_hdmi
                0x0000000017802ef4       0x18 board/freescale/mx6sabresd/built-in.o
 .text.dram_init
                0x0000000017802f0c       0x18 board/freescale/mx6sabresd/built-in.o
                0x0000000017802f0c                dram_init
 .text.board_mmc_getcd
                0x0000000017802f24       0x60 board/freescale/mx6sabresd/built-in.o
                0x0000000017802f24                board_mmc_getcd
 .text.board_mmc_init
                0x0000000017802f84       0xb8 board/freescale/mx6sabresd/built-in.o
                0x0000000017802f84                board_mmc_init
 .text.mx6_rgmii_rework
                0x000000001780303c      0x110 board/freescale/mx6sabresd/built-in.o
                0x000000001780303c                mx6_rgmii_rework
 .text.board_phy_config
                0x000000001780314c       0x2c board/freescale/mx6sabresd/built-in.o
                0x000000001780314c                board_phy_config
 .text.overwrite_console
                0x0000000017803178        0x8 board/freescale/mx6sabresd/built-in.o
                0x0000000017803178                overwrite_console
 .text.board_eth_init
                0x0000000017803180       0x54 board/freescale/mx6sabresd/built-in.o
                0x0000000017803180                board_eth_init
 .text.board_ehci_hcd_init
                0x00000000178031d4       0x28 board/freescale/mx6sabresd/built-in.o
                0x00000000178031d4                board_ehci_hcd_init
 .text.board_ehci_power
                0x00000000178031fc       0x4c board/freescale/mx6sabresd/built-in.o
                0x00000000178031fc                board_ehci_power
 .text.board_early_init_f
                0x0000000017803248       0x8c board/freescale/mx6sabresd/built-in.o
                0x0000000017803248                board_early_init_f
 .text.board_init
                0x00000000178032d4       0x7c board/freescale/mx6sabresd/built-in.o
                0x00000000178032d4                board_init
 .text.power_init_board
                0x0000000017803350       0x84 board/freescale/mx6sabresd/built-in.o
                0x0000000017803350                power_init_board
 .text.board_spi_cs_gpio
                0x00000000178033d4       0x10 board/freescale/mx6sabresd/built-in.o
                0x00000000178033d4                board_spi_cs_gpio
 .text.board_late_init
                0x00000000178033e4       0x18 board/freescale/mx6sabresd/built-in.o
                0x00000000178033e4                board_late_init
 .text.checkboard
                0x00000000178033fc       0x18 board/freescale/mx6sabresd/built-in.o
                0x00000000178033fc                checkboard
 .text.show_boot_progress
                0x0000000017803414        0x4 common/built-in.o
                0x0000000017803414                show_boot_progress
 .text.main_loop
                0x0000000017803418       0x20 common/built-in.o
                0x0000000017803418                main_loop
 .text.dummy    0x0000000017803438        0x4 common/built-in.o
 .text.get_version
                0x000000001780343c        0x8 common/built-in.o
                0x000000001780343c                get_version
 .text.jumptable_init
                0x0000000017803444      0x1c0 common/built-in.o
                0x0000000017803444                jumptable_init
 .text.hash_command
                0x0000000017803604       0xb4 common/built-in.o
                0x0000000017803604                hash_command
 .text.b_reset  0x00000000178036b8       0x1c common/built-in.o
 .text.static_get
                0x00000000178036d4       0x1c common/built-in.o
 .text.static_peek
                0x00000000178036f0        0xc common/built-in.o
 .text.file_peek
                0x00000000178036fc        0xc common/built-in.o
 .text.mapset   0x0000000017803708       0x20 common/built-in.o
 .text.syntax_err
                0x0000000017803728        0xc common/built-in.o
 .text.free_pipe_list
                0x0000000017803734       0xf0 common/built-in.o
 .text.xmalloc  0x0000000017803824       0x20 common/built-in.o
 .text.new_pipe
                0x0000000017803844       0x28 common/built-in.o
 .text.xrealloc
                0x000000001780386c       0x20 common/built-in.o
 .text.done_command
                0x000000001780388c       0x88 common/built-in.o
 .text.done_pipe
                0x0000000017803914       0x48 common/built-in.o
 .text.done_word
                0x000000001780395c      0x2d8 common/built-in.o
 .text.do_showvar
                0x0000000017803c34       0xfc common/built-in.o
 .text.is_assignment
                0x0000000017803d30       0x5c common/built-in.o
 .text.file_get
                0x0000000017803d8c      0x1ec common/built-in.o
 .text.b_addchr
                0x0000000017803f78       0x78 common/built-in.o
 .text.b_addqchr
                0x0000000017803ff0       0x50 common/built-in.o
 .text.get_local_var
                0x0000000017804040       0xa0 common/built-in.o
                0x0000000017804040                get_local_var
 .text.set_local_var
                0x00000000178040e0      0x1ac common/built-in.o
                0x00000000178040e0                set_local_var
 .text.insert_var_value_sub
                0x000000001780428c      0x2c0 common/built-in.o
 .text.parse_string_outer
                0x000000001780454c       0xe4 common/built-in.o
                0x000000001780454c                parse_string_outer
 .text.run_list_real
                0x0000000017804630      0x7e4 common/built-in.o
 .text.parse_stream_outer
                0x0000000017804e14      0x6d4 common/built-in.o
 .text.parse_file_outer
                0x00000000178054e8       0x44 common/built-in.o
                0x00000000178054e8                parse_file_outer
 .text.u_boot_hush_start
                0x000000001780552c       0x54 common/built-in.o
                0x000000001780552c                u_boot_hush_start
 .text.bootdelay_process
                0x0000000017805580       0x50 common/built-in.o
                0x0000000017805580                bootdelay_process
 .text.autoboot_command
                0x00000000178055d0       0xd0 common/built-in.o
                0x00000000178055d0                autoboot_command
 .text.display_text_info
                0x00000000178056a0        0x8 common/built-in.o
 .text.setup_mon_len
                0x00000000178056a8       0x20 common/built-in.o
 .text.setup_fdt
                0x00000000178056c8        0x8 common/built-in.o
 .text.reserve_round_4k
                0x00000000178056d0       0x18 common/built-in.o
 .text.reserve_mmu
                0x00000000178056e8       0x38 common/built-in.o
 .text.reserve_trace
                0x0000000017805720        0x8 common/built-in.o
 .text.reserve_uboot
                0x0000000017805728       0x30 common/built-in.o
 .text.reserve_malloc
                0x0000000017805758       0x18 common/built-in.o
 .text.setup_machine
                0x0000000017805770       0x14 common/built-in.o
 .text.reserve_global_data
                0x0000000017805784       0x1c common/built-in.o
 .text.reserve_fdt
                0x00000000178057a0       0x4c common/built-in.o
 .text.display_new_sp
                0x00000000178057ec        0x8 common/built-in.o
 .text.initf_malloc
                0x00000000178057f4       0x1c common/built-in.o
 .text.reserve_arch
                0x0000000017805810        0x8 common/built-in.o
                0x0000000017805810                reserve_arch
 .text.setup_reloc
                0x0000000017805818       0x28 common/built-in.o
 .text.reloc_fdt
                0x0000000017805840       0x30 common/built-in.o
 .text.announce_dram_init
                0x0000000017805870       0x18 common/built-in.o
 .text.init_func_i2c
                0x0000000017805888       0x28 common/built-in.o
 .text.init_baud_rate
                0x00000000178058b0       0x2c common/built-in.o
 .text.initf_dm
                0x00000000178058dc        0x8 common/built-in.o
 .text.mark_bootstage
                0x00000000178058e4       0x14 common/built-in.o
 .text.reserve_board
                0x00000000178058f8       0x38 common/built-in.o
 .text.coloured_LED_init
                0x0000000017805930        0x4 common/built-in.o
                0x0000000017805930                coloured_LED_init
 .text.red_led_on
                0x0000000017805934        0x4 common/built-in.o
                0x0000000017805934                red_led_on
 .text.board_add_ram_info
                0x0000000017805938        0x4 common/built-in.o
                0x0000000017805938                board_add_ram_info
 .text.show_dram_config
                0x000000001780593c       0x38 common/built-in.o
 .text.dram_init_banksize
                0x0000000017805974       0x20 common/built-in.o
                0x0000000017805974                dram_init_banksize
 .text.setup_dram_config
                0x0000000017805994       0x10 common/built-in.o
 .text.board_get_usable_ram_top
                0x00000000178059a4       0x14 common/built-in.o
                0x00000000178059a4                board_get_usable_ram_top
 .text.setup_dest_addr
                0x00000000178059b8       0x3c common/built-in.o
 .text.reserve_stacks
                0x00000000178059f4       0x1c common/built-in.o
 .text.board_init_f
                0x0000000017805a10       0x28 common/built-in.o
                0x0000000017805a10                board_init_f
 .text.bootstage_relocate
                0x0000000017805a38        0x8 common/built-in.o
 .text.initr_trace
                0x0000000017805a40        0x8 common/built-in.o
 .text.initr_reloc_global_data
                0x0000000017805a48       0x28 common/built-in.o
 .text.initr_barrier
                0x0000000017805a70        0x8 common/built-in.o
 .text.initr_announce
                0x0000000017805a78        0x8 common/built-in.o
 .text.run_main_loop
                0x0000000017805a80        0xc common/built-in.o
 .text.initr_net
                0x0000000017805a8c       0x20 common/built-in.o
 .text.initr_ethaddr
                0x0000000017805aac       0x20 common/built-in.o
 .text.initr_enable_interrupts
                0x0000000017805acc       0x10 common/built-in.o
 .text.initr_jumptable
                0x0000000017805adc       0x10 common/built-in.o
 .text.initr_pci
                0x0000000017805aec       0x10 common/built-in.o
 .text.initr_env
                0x0000000017805afc       0x30 common/built-in.o
 .text.initr_mmc
                0x0000000017805b2c       0x20 common/built-in.o
 .text.initr_serial
                0x0000000017805b4c       0x10 common/built-in.o
 .text.initr_dm
                0x0000000017805b5c       0x14 common/built-in.o
 .text.initr_malloc
                0x0000000017805b70       0x24 common/built-in.o
 .text.initr_caches
                0x0000000017805b94       0x10 common/built-in.o
 .text.initr_reloc
                0x0000000017805ba4       0x24 common/built-in.o
 .text.cpu_secondary_init_r
                0x0000000017805bc8        0x4 common/built-in.o
                0x0000000017805bc8                cpu_secondary_init_r
 .text.initr_secondary_cpu
                0x0000000017805bcc       0x10 common/built-in.o
 .text.board_init_r
                0x0000000017805bdc       0x14 common/built-in.o
                0x0000000017805bdc                board_init_r
 .text.show_board_info
                0x0000000017805bf0        0x4 common/built-in.o
                0x0000000017805bf0                show_board_info
 .text.do_go_exec
                0x0000000017805bf4       0x10 common/built-in.o
                0x0000000017805bf4                do_go_exec
 .text.do_go    0x0000000017805c04       0x6c common/built-in.o
 .text.do_bootm
                0x0000000017805c70      0x118 common/built-in.o
                0x0000000017805c70                do_bootm
 .text.do_bootd
                0x0000000017805d88       0x20 common/built-in.o
                0x0000000017805d88                do_bootd
 .text.image_info
                0x0000000017805da8       0xcc common/built-in.o
 .text.do_iminfo
                0x0000000017805e74       0x60 common/built-in.o
 .text.bootm_maybe_autostart
                0x0000000017805ed4       0x78 common/built-in.o
                0x0000000017805ed4                bootm_maybe_autostart
 .text.do_bootz
                0x0000000017805f4c       0xf8 common/built-in.o
                0x0000000017805f4c                do_bootz
 .text.bootm_find_ramdisk_fdt
                0x0000000017806044       0xa8 common/built-in.o
                0x0000000017806044                bootm_find_ramdisk_fdt
 .text.bootm_decomp_image
                0x00000000178060ec      0x150 common/built-in.o
                0x00000000178060ec                bootm_decomp_image
 .text.bootm_disable_interrupts
                0x000000001780623c       0x18 common/built-in.o
                0x000000001780623c                bootm_disable_interrupts
 .text.do_bootm_states
                0x0000000017806254      0x74c common/built-in.o
                0x0000000017806254                do_bootm_states
 .text.copy_args
                0x00000000178069a0       0x50 common/built-in.o
 .text.do_bootm_rtems
                0x00000000178069f0       0x40 common/built-in.o
 .text.do_bootm_plan9
                0x0000000017806a30       0xa4 common/built-in.o
 .text.do_bootm_standalone
                0x0000000017806ad4       0x64 common/built-in.o
 .text.do_bootm_netbsd
                0x0000000017806b38       0xf8 common/built-in.o
 .text.do_bootvx_fdt
                0x0000000017806c30      0x10c common/built-in.o
                0x0000000017806c30                do_bootvx_fdt
 .text.do_bootm_vxworks
                0x0000000017806d3c       0x24 common/built-in.o
 .text.boot_selected_os
                0x0000000017806d60       0x58 common/built-in.o
                0x0000000017806d60                boot_selected_os
 .text.bootm_os_get_boot_func
                0x0000000017806db8       0x10 common/built-in.o
                0x0000000017806db8                bootm_os_get_boot_func
 .text.do_help  0x0000000017806dc8       0x48 common/built-in.o
 .text.do_version
                0x0000000017806e10       0x38 common/built-in.o
 .text.env_attr_walk
                0x0000000017806e48      0x114 common/built-in.o
                0x0000000017806e48                env_attr_walk
 .text.env_attr_lookup
                0x0000000017806f5c      0x18c common/built-in.o
                0x0000000017806f5c                env_attr_lookup
 .text.clear_callback
                0x00000000178070e8       0x10 common/built-in.o
 .text.find_env_callback
                0x00000000178070f8       0x68 common/built-in.o
 .text.on_callbacks
                0x0000000017807160       0x48 common/built-in.o
 .text.set_callback
                0x00000000178071a8       0x94 common/built-in.o
 .text.env_callback_init
                0x000000001780723c       0xc4 common/built-in.o
                0x000000001780723c                env_callback_init
 .text.skip_num
                0x0000000017807300       0x70 common/built-in.o
 .text.clear_flags
                0x0000000017807370       0x10 common/built-in.o
 .text.on_flags
                0x0000000017807380       0x48 common/built-in.o
 .text.env_flags_parse_vartype
                0x00000000178073c8       0x50 common/built-in.o
                0x00000000178073c8                env_flags_parse_vartype
 .text.env_flags_parse_varaccess
                0x0000000017807418       0x58 common/built-in.o
                0x0000000017807418                env_flags_parse_varaccess
 .text.set_flags
                0x0000000017807470       0xac common/built-in.o
 .text.env_flags_init
                0x000000001780751c       0xd8 common/built-in.o
                0x000000001780751c                env_flags_init
 .text.env_flags_validate
                0x00000000178075f4      0x324 common/built-in.o
                0x00000000178075f4                env_flags_validate
 .text.init_mmc_for_env
                0x0000000017807918       0x34 common/built-in.o
 .text.mmc_get_env_addr
                0x000000001780794c       0x10 common/built-in.o
                0x000000001780794c                mmc_get_env_addr
 .text.env_init
                0x000000001780795c       0x1c common/built-in.o
                0x000000001780795c                env_init
 .text.saveenv  0x0000000017807978       0xf4 common/built-in.o
                0x0000000017807978                saveenv
 .text.env_relocate_spec
                0x0000000017807a6c       0xbc common/built-in.o
                0x0000000017807a6c                env_relocate_spec
 .text.source   0x0000000017807b28       0xd8 common/built-in.o
                0x0000000017807b28                source
 .text.do_source
                0x0000000017807c00       0x44 common/built-in.o
 .text.print_num
                0x0000000017807c44       0x18 common/built-in.o
 .text.do_bdinfo
                0x0000000017807c5c      0x18c common/built-in.o
 .text.parse_argv
                0x0000000017807de8       0x64 common/built-in.o
 .text.do_icache
                0x0000000017807e4c       0x88 common/built-in.o
 .text.do_dcache
                0x0000000017807ed4       0x88 common/built-in.o
 .text.do_coninfo
                0x0000000017807f5c       0xbc common/built-in.o
 .text.do_echo  0x0000000017808018       0xb0 common/built-in.o
 .text.do_exit  0x00000000178080c8       0x30 common/built-in.o
 .text.do_ext4_size
                0x00000000178080f8       0x18 common/built-in.o
                0x00000000178080f8                do_ext4_size
 .text.do_ext4_load
                0x0000000017808110       0x18 common/built-in.o
                0x0000000017808110                do_ext4_load
 .text.do_ext4_ls
                0x0000000017808128       0x18 common/built-in.o
                0x0000000017808128                do_ext4_ls
 .text.do_ext4_write
                0x0000000017808140       0x18 common/built-in.o
                0x0000000017808140                do_ext4_write
 .text.do_ext2load
                0x0000000017808158       0x18 common/built-in.o
                0x0000000017808158                do_ext2load
 .text.do_ext2ls
                0x0000000017808170       0x18 common/built-in.o
 .text.do_fat_size
                0x0000000017808188       0x18 common/built-in.o
                0x0000000017808188                do_fat_size
 .text.do_fat_fsload
                0x00000000178081a0       0x18 common/built-in.o
                0x00000000178081a0                do_fat_fsload
 .text.do_fat_ls
                0x00000000178081b8       0x18 common/built-in.o
 .text.do_fat_fsinfo
                0x00000000178081d0       0x90 common/built-in.o
 .text.fdt_valid
                0x0000000017808260       0xbc common/built-in.o
 .text.is_printable_string
                0x000000001780831c       0x98 common/built-in.o
 .text.print_data
                0x00000000178083b4      0x174 common/built-in.o
 .text.set_working_fdt_addr
                0x0000000017808528       0x1c common/built-in.o
                0x0000000017808528                set_working_fdt_addr
 .text.do_fdt   0x0000000017808544      0xe90 common/built-in.o
 .text.fdt_find_and_setprop
                0x00000000178093d4       0x70 common/built-in.o
                0x00000000178093d4                fdt_find_and_setprop
 .text.fdt_find_or_add_subnode
                0x0000000017809444       0x68 common/built-in.o
                0x0000000017809444                fdt_find_or_add_subnode
 .text.fdt_initrd
                0x00000000178094ac      0x1d0 common/built-in.o
                0x00000000178094ac                fdt_initrd
 .text.fdt_chosen
                0x000000001780967c       0xa8 common/built-in.o
                0x000000001780967c                fdt_chosen
 .text.do_fixup_by_path
                0x0000000017809724       0x54 common/built-in.o
                0x0000000017809724                do_fixup_by_path
 .text.fdt_fixup_memory_banks
                0x0000000017809778      0x1a4 common/built-in.o
                0x0000000017809778                fdt_fixup_memory_banks
 .text.fdt_fixup_memory
                0x000000001780991c       0x20 common/built-in.o
                0x000000001780991c                fdt_fixup_memory
 .text.fdt_fixup_ethernet
                0x000000001780993c      0x158 common/built-in.o
                0x000000001780993c                fdt_fixup_ethernet
 .text.fdt_shrink_to_minimum
                0x0000000017809a94       0xcc common/built-in.o
                0x0000000017809a94                fdt_shrink_to_minimum
 .text.do_flinfo
                0x0000000017809b60        0x8 common/built-in.o
 .text.do_flerase
                0x0000000017809b68        0x8 common/built-in.o
 .text.do_protect
                0x0000000017809b70       0x10 common/built-in.o
 .text.strtou32
                0x0000000017809b80       0x48 common/built-in.o
 .text.do_fuse  0x0000000017809bc8      0x360 common/built-in.o
 .text.do_i2c   0x0000000017809f28       0x64 common/built-in.o
 .text.do_i2c_reset
                0x0000000017809f8c       0x30 common/built-in.o
 .text.do_i2c_probe
                0x0000000017809fbc       0x9c common/built-in.o
 .text.do_i2c_bus_num
                0x000000001780a058       0xb8 common/built-in.o
 .text.do_i2c_bus_speed
                0x000000001780a110       0x74 common/built-in.o
 .text.do_i2c_show_bus
                0x000000001780a184       0xd8 common/built-in.o
 .text.get_alen.constprop.5
                0x000000001780a25c       0x3c common/built-in.o
 .text.do_i2c_crc
                0x000000001780a298      0x124 common/built-in.o
 .text.do_i2c_read
                0x000000001780a3bc       0xbc common/built-in.o
 .text.do_i2c_md
                0x000000001780a478      0x1e8 common/built-in.o
 .text.do_i2c_mw
                0x000000001780a660      0x100 common/built-in.o
 .text.do_i2c_write
                0x000000001780a760      0x14c common/built-in.o
 .text.mod_i2c_mem.isra.4
                0x000000001780a8ac      0x208 common/built-in.o
 .text.do_i2c_nm
                0x000000001780aab4        0x8 common/built-in.o
 .text.do_i2c_mm
                0x000000001780aabc        0x8 common/built-in.o
 .text.do_i2c_loop
                0x000000001780aac4       0xe4 common/built-in.o
 .text.i2c_init_board
                0x000000001780aba8        0x4 common/built-in.o
                0x000000001780aba8                i2c_init_board
 .text.evalexp  0x000000001780abac       0x74 common/built-in.o
 .text.evalstr  0x000000001780ac20       0x6c common/built-in.o
 .text.binary_test
                0x000000001780ac8c      0x1b0 common/built-in.o
 .text.do_itest
                0x000000001780ae3c       0x98 common/built-in.o
 .text.bin_data_init
                0x000000001780aed4       0x2c common/built-in.o
 .text.k_data_save
                0x000000001780af00       0x4c common/built-in.o
 .text.k_data_restore
                0x000000001780af4c       0x4c common/built-in.o
 .text.getcxmodem
                0x000000001780af98       0x20 common/built-in.o
 .text.load_serial_ymodem
                0x000000001780afb8       0xcc common/built-in.o
 .text.bin_data_char
                0x000000001780b084       0x2c common/built-in.o
 .text.chk1.constprop.1
                0x000000001780b0b0       0x2c common/built-in.o
 .text.s1_sendpacket.constprop.2
                0x000000001780b0dc       0x50 common/built-in.o
 .text.load_serial
                0x000000001780b12c      0x1e0 common/built-in.o
 .text.do_load_serial
                0x000000001780b30c       0xdc common/built-in.o
 .text.do_load_serial_bin
                0x000000001780b3e8      0x7b0 common/built-in.o
 .text.do_mem_mw
                0x000000001780bb98       0xc0 common/built-in.o
 .text.do_mem_loop
                0x000000001780bc58       0xec common/built-in.o
 .text.do_mem_md
                0x000000001780bd44       0xec common/built-in.o
 .text.do_mem_cmp
                0x000000001780be30      0x16c common/built-in.o
 .text.do_mem_base
                0x000000001780bf9c       0x40 common/built-in.o
 .text.do_mem_cp
                0x000000001780bfdc       0xd8 common/built-in.o
 .text.do_mem_crc
                0x000000001780c0b4       0x48 common/built-in.o
 .text.mod_mem.isra.2
                0x000000001780c0fc      0x164 common/built-in.o
 .text.do_mem_mm
                0x000000001780c260        0x8 common/built-in.o
 .text.do_mem_nm
                0x000000001780c268        0x8 common/built-in.o
 .text.miiphy_get_dev_by_name
                0x000000001780c270       0x60 common/built-in.o
                0x000000001780c270                miiphy_get_dev_by_name
 .text.miiphy_init
                0x000000001780c2d0       0x24 common/built-in.o
                0x000000001780c2d0                miiphy_init
 .text.mdio_alloc
                0x000000001780c2f4       0x30 common/built-in.o
                0x000000001780c2f4                mdio_alloc
 .text.mdio_register
                0x000000001780c324       0xa0 common/built-in.o
                0x000000001780c324                mdio_register
 .text.mdio_list_devices
                0x000000001780c3c4       0x98 common/built-in.o
                0x000000001780c3c4                mdio_list_devices
 .text.miiphy_set_current_dev
                0x000000001780c45c       0x40 common/built-in.o
                0x000000001780c45c                miiphy_set_current_dev
 .text.miiphy_get_active_dev
                0x000000001780c49c       0x54 common/built-in.o
 .text.mdio_get_current_dev
                0x000000001780c4f0       0x10 common/built-in.o
                0x000000001780c4f0                mdio_get_current_dev
 .text.mdio_phydev_for_ethname
                0x000000001780c500       0x88 common/built-in.o
                0x000000001780c500                mdio_phydev_for_ethname
 .text.miiphy_get_current_dev
                0x000000001780c588       0x18 common/built-in.o
                0x000000001780c588                miiphy_get_current_dev
 .text.miiphy_read
                0x000000001780c5a0       0x4c common/built-in.o
                0x000000001780c5a0                miiphy_read
 .text.miiphy_write
                0x000000001780c5ec       0x40 common/built-in.o
                0x000000001780c5ec                miiphy_write
 .text.miiphy_listdev
                0x000000001780c62c       0x74 common/built-in.o
                0x000000001780c62c                miiphy_listdev
 .text.miiphy_info
                0x000000001780c6a0       0x88 common/built-in.o
                0x000000001780c6a0                miiphy_info
 .text.miiphy_speed
                0x000000001780c728       0x94 common/built-in.o
                0x000000001780c728                miiphy_speed
 .text.miiphy_duplex
                0x000000001780c7bc       0x94 common/built-in.o
                0x000000001780c7bc                miiphy_duplex
 .text.miiphy_is_1000base_x
                0x000000001780c850        0x8 common/built-in.o
                0x000000001780c850                miiphy_is_1000base_x
 .text.extract_range
                0x000000001780c858       0xe4 common/built-in.o
 .text.do_mii   0x000000001780c93c      0x7a4 common/built-in.o
 .text.do_mdio  0x000000001780d0e0      0x4b8 common/built-in.o
 .text.do_sleep
                0x000000001780d598       0x70 common/built-in.o
 .text.do_mmcops
                0x000000001780d608       0xb4 common/built-in.o
 .text.init_mmc_device
                0x000000001780d6bc       0x54 common/built-in.o
 .text.do_mmc_rescan
                0x000000001780d710       0x24 common/built-in.o
 .text.do_mmc_rst_func
                0x000000001780d734       0xa0 common/built-in.o
 .text.do_mmc_partconf
                0x000000001780d7d4       0xb4 common/built-in.o
 .text.do_mmc_boot_resize
                0x000000001780d888       0xcc common/built-in.o
 .text.do_mmc_bootbus
                0x000000001780d954       0xb4 common/built-in.o
 .text.do_mmc_hwpartition
                0x000000001780da08      0x51c common/built-in.o
 .text.do_mmc_list
                0x000000001780df24       0x14 common/built-in.o
 .text.do_mmc_dev
                0x000000001780df38      0x134 common/built-in.o
 .text.do_mmc_part
                0x000000001780e06c       0x5c common/built-in.o
 .text.do_mmc_erase
                0x000000001780e0c8       0xe8 common/built-in.o
 .text.do_mmc_write
                0x000000001780e1b0      0x100 common/built-in.o
 .text.do_mmc_read
                0x000000001780e2b0       0xec common/built-in.o
 .text.do_mmcinfo
                0x000000001780e39c      0x370 common/built-in.o
 .text.do_mmc_setdsr
                0x000000001780e70c       0xb0 common/built-in.o
 .text.cpu_cmd  0x000000001780e7bc      0x110 common/built-in.o
 .text.netboot_common
                0x000000001780e8cc      0x294 common/built-in.o
 .text.do_bootp
                0x000000001780eb60        0xc common/built-in.o
 .text.do_dhcp  0x000000001780eb6c        0xc common/built-in.o
 .text.do_nfs   0x000000001780eb78        0xc common/built-in.o
 .text.do_tftpb
                0x000000001780eb84       0x40 common/built-in.o
                0x000000001780eb84                do_tftpb
 .text.do_ping  0x000000001780ebc4       0x7c common/built-in.o
 .text.pci_cfg_write
                0x000000001780ec40       0x3c common/built-in.o
 .text.pci_cfg_modify.isra.0
                0x000000001780ec7c      0x128 common/built-in.o
 .text.pci_header_show_brief
                0x000000001780eda4       0x80 common/built-in.o
                0x000000001780eda4                pci_header_show_brief
 .text.pci_header_show
                0x000000001780ee24      0x8f0 common/built-in.o
                0x000000001780ee24                pci_header_show
 .text.pciinfo  0x000000001780f714      0x15c common/built-in.o
                0x000000001780f714                pciinfo
 .text.do_pci   0x000000001780f870      0x3c0 common/built-in.o
 .text.bytes_per_second
                0x000000001780fc30       0x50 common/built-in.o
 .text.do_spi_flash
                0x000000001780fc80      0x748 common/built-in.o
 .text.get_arg  0x00000000178103c8       0x58 common/built-in.o
 .text.do_setexpr
                0x0000000017810420      0x140 common/built-in.o
 .text.do_false
                0x0000000017810560        0x8 common/built-in.o
 .text.do_true  0x0000000017810568        0x8 common/built-in.o
 .text.do_test  0x0000000017810570      0x33c common/built-in.o
 .text.usb_get_class_desc
                0x00000000178108ac       0xbc common/built-in.o
 .text.usb_display_class_sub
                0x0000000017810968      0x170 common/built-in.o
 .text.usb_find_device
                0x0000000017810ad8       0x3c common/built-in.o
 .text.usb_show_tree_graph
                0x0000000017810b14      0x21c common/built-in.o
 .text.usb_display_string
                0x0000000017810d30       0x44 common/built-in.o
 .text.usb_display_config
                0x0000000017810d74      0x20c common/built-in.o
 .text.do_usbboot
                0x0000000017810f80        0xc common/built-in.o
 .text.do_usb_start
                0x0000000017810f8c       0x44 common/built-in.o
 .text.usb_display_desc.part.3
                0x0000000017810fd0      0x12c common/built-in.o
 .text.do_usb   0x00000000178110fc      0x780 common/built-in.o
 .text.usb_set_maxpacket_ep
                0x000000001781187c       0x70 common/built-in.o
 .text.usb_stop
                0x00000000178118ec       0x64 common/built-in.o
                0x00000000178118ec                usb_stop
 .text.usb_disable_asynch
                0x0000000017811950       0x20 common/built-in.o
                0x0000000017811950                usb_disable_asynch
 .text.usb_control_msg
                0x0000000017811970       0xc4 common/built-in.o
                0x0000000017811970                usb_control_msg
 .text.usb_get_descriptor
                0x0000000017811a34       0x50 common/built-in.o
 .text.usb_get_string
                0x0000000017811a84       0x6c common/built-in.o
 .text.usb_string_sub
                0x0000000017811af0      0x108 common/built-in.o
 .text.usb_bulk_msg
                0x0000000017811bf8       0x74 common/built-in.o
                0x0000000017811bf8                usb_bulk_msg
 .text.usb_maxpacket
                0x0000000017811c6c       0x1c common/built-in.o
                0x0000000017811c6c                usb_maxpacket
 .text.usb_clear_halt
                0x0000000017811c88       0x8c common/built-in.o
                0x0000000017811c88                usb_clear_halt
 .text.usb_get_configuration_no
                0x0000000017811d14       0xbc common/built-in.o
                0x0000000017811d14                usb_get_configuration_no
 .text.usb_set_interface
                0x0000000017811dd0       0xa8 common/built-in.o
                0x0000000017811dd0                usb_set_interface
 .text.usb_string
                0x0000000017811e78      0x100 common/built-in.o
                0x0000000017811e78                usb_string
 .text.usb_get_dev_index
                0x0000000017811f78       0x24 common/built-in.o
                0x0000000017811f78                usb_get_dev_index
 .text.usb_alloc_new_device
                0x0000000017811f9c       0x94 common/built-in.o
                0x0000000017811f9c                usb_alloc_new_device
 .text.usb_free_device
                0x0000000017812030       0x48 common/built-in.o
                0x0000000017812030                usb_free_device
 .text.usb_alloc_device
                0x0000000017812078        0x8 common/built-in.o
                0x0000000017812078                usb_alloc_device
 .text.usb_new_device
                0x0000000017812080      0x5c8 common/built-in.o
                0x0000000017812080                usb_new_device
 .text.usb_init
                0x0000000017812648      0x12c common/built-in.o
                0x0000000017812648                usb_init
 .text.board_usb_init
                0x0000000017812774        0x8 common/built-in.o
                0x0000000017812774                board_usb_init
 .text.usb_set_port_feature
                0x000000001781277c       0x4c common/built-in.o
 .text.usb_hub_power_on
                0x00000000178127c8       0x44 common/built-in.o
 .text.usb_get_port_status
                0x000000001781280c       0x4c common/built-in.o
 .text.usb_clear_port_feature
                0x0000000017812858       0x4c common/built-in.o
 .text.usb_get_hub_descriptor
                0x00000000178128a4       0x50 common/built-in.o
 .text.usb_hub_reset_devices
                0x00000000178128f4        0x4 common/built-in.o
                0x00000000178128f4                usb_hub_reset_devices
 .text.usb_hub_reset
                0x00000000178128f8       0x14 common/built-in.o
                0x00000000178128f8                usb_hub_reset
 .text.hub_port_reset
                0x000000001781290c       0x98 common/built-in.o
                0x000000001781290c                hub_port_reset
 .text.usb_hub_port_connect_change
                0x00000000178129a4      0x120 common/built-in.o
                0x00000000178129a4                usb_hub_port_connect_change
 .text.usb_hub_configure
                0x0000000017812ac4      0x2d8 common/built-in.o
 .text.usb_hub_probe
                0x0000000017812d9c       0x58 common/built-in.o
                0x0000000017812d9c                usb_hub_probe
 .text.usb_stor_irq
                0x0000000017812df4       0x1c common/built-in.o
 .text.usb_stor_BBB_reset
                0x0000000017812e10       0xd0 common/built-in.o
 .text.usb_stor_CB_reset
                0x0000000017812ee0       0xcc common/built-in.o
 .text.usb_stor_BBB_clear_endpt_stall.isra.2
                0x0000000017812fac       0x40 common/built-in.o
 .text.usb_stor_BBB_transport
                0x0000000017812fec      0x26c common/built-in.o
 .text.usb_stor_CB_comdat
                0x0000000017813258      0x208 common/built-in.o
 .text.usb_stor_CBI_get_status.isra.4
                0x0000000017813460       0xc8 common/built-in.o
 .text.usb_stor_CB_transport
                0x0000000017813528      0x228 common/built-in.o
 .text.usb_request_sense.constprop.10
                0x0000000017813750       0x70 common/built-in.o
 .text.usb_stor_write
                0x00000000178137c0      0x1cc common/built-in.o
                0x00000000178137c0                usb_stor_write
 .text.usb_stor_read
                0x000000001781398c      0x1cc common/built-in.o
                0x000000001781398c                usb_stor_read
 .text.usb_stor_get_dev
                0x0000000017813b58       0x28 common/built-in.o
                0x0000000017813b58                usb_stor_get_dev
 .text.usb_stor_info
                0x0000000017813b80       0x74 common/built-in.o
                0x0000000017813b80                usb_stor_info
 .text.usb_storage_probe
                0x0000000017813bf4      0x208 common/built-in.o
                0x0000000017813bf4                usb_storage_probe
 .text.usb_stor_get_info
                0x0000000017813dfc      0x324 common/built-in.o
                0x0000000017813dfc                usb_stor_get_info
 .text.usb_stor_scan
                0x0000000017814120      0x200 common/built-in.o
                0x0000000017814120                usb_stor_scan
 .text.ums_read_sector
                0x0000000017814320       0x24 common/built-in.o
 .text.ums_write_sector
                0x0000000017814344       0x24 common/built-in.o
 .text.ums_init
                0x0000000017814368       0x60 common/built-in.o
                0x0000000017814368                ums_init
 .text.do_usb_mass_storage
                0x00000000178143c8      0x18c common/built-in.o
                0x00000000178143c8                do_usb_mass_storage
 .text.do_imgextract
                0x0000000017814554      0x28c common/built-in.o
 .text.splash_screen_prepare
                0x00000000178147e0        0x8 common/built-in.o
                0x00000000178147e0                splash_screen_prepare
 .text.splash_get_pos
                0x00000000178147e8       0x84 common/built-in.o
                0x00000000178147e8                splash_get_pos
 .text.do_env_delete
                0x000000001781486c       0x9c common/built-in.o
 .text.do_env_exists
                0x0000000017814908       0x64 common/built-in.o
 .text.do_env_save
                0x000000001781496c       0x2c common/built-in.o
 .text.do_env   0x0000000017814998       0x64 common/built-in.o
 .text.env_print
                0x00000000178149fc       0xc0 common/built-in.o
 .text.do_env_print
                0x0000000017814abc       0xc4 common/built-in.o
 .text.do_env_import
                0x0000000017814b80      0x28c common/built-in.o
 .text.do_env_default
                0x0000000017814e0c       0xa8 common/built-in.o
 .text._do_env_set.isra.1
                0x0000000017814eb4      0x1b8 common/built-in.o
 .text.do_env_set
                0x000000001781506c       0x1c common/built-in.o
 .text.get_env_id
                0x0000000017815088       0x10 common/built-in.o
                0x0000000017815088                get_env_id
 .text.setenv   0x0000000017815098       0x58 common/built-in.o
                0x0000000017815098                setenv
 .text.setenv_ulong
                0x00000000178150f0       0x20 common/built-in.o
                0x00000000178150f0                setenv_ulong
 .text.setenv_hex
                0x0000000017815110       0x34 common/built-in.o
                0x0000000017815110                setenv_hex
 .text.do_env_export
                0x0000000017815144      0x260 common/built-in.o
 .text.envmatch
                0x00000000178153a4       0x6c common/built-in.o
                0x00000000178153a4                envmatch
 .text.getenv_f
                0x0000000017815410       0xc0 common/built-in.o
                0x0000000017815410                getenv_f
 .text.getenv   0x00000000178154d0       0x78 common/built-in.o
                0x00000000178154d0                getenv
 .text.getenv_hex
                0x0000000017815548       0x3c common/built-in.o
                0x0000000017815548                getenv_hex
 .text.getenv_ulong
                0x0000000017815584       0x30 common/built-in.o
                0x0000000017815584                getenv_ulong
 .text.do_env_edit
                0x00000000178155b4       0x78 common/built-in.o
 .text.env_get_char_spec
                0x000000001781562c        0xc common/built-in.o
                0x000000001781562c                env_get_char_spec
 .text.env_get_addr
                0x0000000017815638       0x20 common/built-in.o
                0x0000000017815638                env_get_addr
 .text.env_get_char_memory
                0x0000000017815658       0x10 common/built-in.o
                0x0000000017815658                env_get_char_memory
 .text.env_get_char
                0x0000000017815668       0x30 common/built-in.o
                0x0000000017815668                env_get_char
 .text.getenv_yesno
                0x0000000017815698       0x40 common/built-in.o
                0x0000000017815698                getenv_yesno
 .text.getenv_default
                0x00000000178156d8       0x30 common/built-in.o
                0x00000000178156d8                getenv_default
 .text.set_default_env
                0x0000000017815708       0xc0 common/built-in.o
                0x0000000017815708                set_default_env
 .text.set_default_vars
                0x00000000178157c8       0x3c common/built-in.o
                0x00000000178157c8                set_default_vars
 .text.env_import
                0x0000000017815804       0xe0 common/built-in.o
                0x0000000017815804                env_import
 .text.env_export
                0x00000000178158e4       0xa0 common/built-in.o
                0x00000000178158e4                env_export
 .text.env_relocate
                0x0000000017815984       0x30 common/built-in.o
                0x0000000017815984                env_relocate
 .text.env_complete
                0x00000000178159b4       0xdc common/built-in.o
                0x00000000178159b4                env_complete
 .text.console_setfile
                0x0000000017815a90       0xc0 common/built-in.o
 .text.serial_printf
                0x0000000017815b50       0x40 common/built-in.o
                0x0000000017815b50                serial_printf
 .text.puts     0x0000000017815b90       0x34 common/built-in.o
                0x0000000017815b90                puts
 .text.printf   0x0000000017815bc4       0x4c common/built-in.o
                0x0000000017815bc4                printf
 .text.putc     0x0000000017815c10       0x34 common/built-in.o
                0x0000000017815c10                putc
 .text.fgetc    0x0000000017815c44       0x24 common/built-in.o
                0x0000000017815c44                fgetc
 .text.getc     0x0000000017815c68       0x24 common/built-in.o
                0x0000000017815c68                getc
 .text.ftstc    0x0000000017815c8c       0x24 common/built-in.o
                0x0000000017815c8c                ftstc
 .text.tstc     0x0000000017815cb0       0x24 common/built-in.o
                0x0000000017815cb0                tstc
 .text.vprintf  0x0000000017815cd4       0x34 common/built-in.o
                0x0000000017815cd4                vprintf
 .text.ctrlc    0x0000000017815d08       0x58 common/built-in.o
                0x0000000017815d08                ctrlc
 .text.confirm_yesno
                0x0000000017815d60       0xd4 common/built-in.o
                0x0000000017815d60                confirm_yesno
 .text.had_ctrlc
                0x0000000017815e34       0x10 common/built-in.o
                0x0000000017815e34                had_ctrlc
 .text.clear_ctrlc
                0x0000000017815e44       0x14 common/built-in.o
                0x0000000017815e44                clear_ctrlc
 .text.search_device
                0x0000000017815e58       0x28 common/built-in.o
                0x0000000017815e58                search_device
 .text.console_assign
                0x0000000017815e80       0x48 common/built-in.o
                0x0000000017815e80                console_assign
 .text.on_console
                0x0000000017815ec8       0xc0 common/built-in.o
 .text.console_init_f
                0x0000000017815f88       0x10 common/built-in.o
                0x0000000017815f88                console_init_f
 .text.stdio_print_current_devices
                0x0000000017815f98       0xb0 common/built-in.o
                0x0000000017815f98                stdio_print_current_devices
 .text.console_init_r
                0x0000000017816048      0x194 common/built-in.o
                0x0000000017816048                console_init_r
 .text.sbrk     0x00000000178161dc       0x70 common/built-in.o
                0x00000000178161dc                sbrk
 .text.mem_malloc_init
                0x000000001781624c       0x34 common/built-in.o
                0x000000001781624c                mem_malloc_init
 .text.malloc_trim
                0x0000000017816280       0xcc common/built-in.o
                0x0000000017816280                malloc_trim
 .text.free     0x000000001781634c      0x248 common/built-in.o
                0x000000001781634c                free
 .text.malloc   0x0000000017816594      0x62c common/built-in.o
                0x0000000017816594                malloc
 .text.calloc   0x0000000017816bc0      0x148 common/built-in.o
                0x0000000017816bc0                calloc
 .text.realloc  0x0000000017816d08      0x4d8 common/built-in.o
                0x0000000017816d08                realloc
 .text.memalign
                0x00000000178171e0      0x10c common/built-in.o
                0x00000000178171e0                memalign
 .text.malloc_simple
                0x00000000178172ec       0x30 common/built-in.o
                0x00000000178172ec                malloc_simple
 .text.on_loadaddr
                0x000000001781731c       0x38 common/built-in.o
 .text.image_check_hcrc
                0x0000000017817354       0x4c common/built-in.o
                0x0000000017817354                image_check_hcrc
 .text.image_check_dcrc
                0x00000000178173a0       0x38 common/built-in.o
                0x00000000178173a0                image_check_dcrc
 .text.image_multi_count
                0x00000000178173d8       0x1c common/built-in.o
                0x00000000178173d8                image_multi_count
 .text.image_multi_getimg
                0x00000000178173f4       0x80 common/built-in.o
                0x00000000178173f4                image_multi_getimg
 .text.getenv_bootm_low
                0x0000000017817474       0x30 common/built-in.o
                0x0000000017817474                getenv_bootm_low
 .text.getenv_bootm_size
                0x00000000178174a4       0x5c common/built-in.o
                0x00000000178174a4                getenv_bootm_size
 .text.getenv_bootm_mapsize
                0x0000000017817500       0x30 common/built-in.o
                0x0000000017817500                getenv_bootm_mapsize
 .text.memmove_wd
                0x0000000017817530        0xc common/built-in.o
                0x0000000017817530                memmove_wd
 .text.genimg_print_size
                0x000000001781753c       0x30 common/built-in.o
                0x000000001781753c                genimg_print_size
 .text.get_table_entry_name
                0x000000001781756c       0x2c common/built-in.o
                0x000000001781756c                get_table_entry_name
 .text.genimg_get_os_name
                0x0000000017817598       0x18 common/built-in.o
                0x0000000017817598                genimg_get_os_name
 .text.genimg_get_arch_name
                0x00000000178175b0       0x18 common/built-in.o
                0x00000000178175b0                genimg_get_arch_name
 .text.genimg_get_type_name
                0x00000000178175c8       0x18 common/built-in.o
                0x00000000178175c8                genimg_get_type_name
 .text.genimg_get_comp_name
                0x00000000178175e0       0x18 common/built-in.o
                0x00000000178175e0                genimg_get_comp_name
 .text.image_print_contents
                0x00000000178175f8      0x174 common/built-in.o
                0x00000000178175f8                image_print_contents
 .text.genimg_get_kernel_addr_fit
                0x000000001781776c       0x24 common/built-in.o
                0x000000001781776c                genimg_get_kernel_addr_fit
 .text.genimg_get_format
                0x0000000017817790       0x34 common/built-in.o
                0x0000000017817790                genimg_get_format
 .text.genimg_get_image
                0x00000000178177c4        0x4 common/built-in.o
                0x00000000178177c4                genimg_get_image
 .text.genimg_has_config
                0x00000000178177c8        0x8 common/built-in.o
                0x00000000178177c8                genimg_has_config
 .text.boot_get_ramdisk
                0x00000000178177d0      0x238 common/built-in.o
                0x00000000178177d0                boot_get_ramdisk
 .text.boot_ramdisk_high
                0x0000000017817a08      0x13c common/built-in.o
                0x0000000017817a08                boot_ramdisk_high
 .text.boot_get_setup
                0x0000000017817b44        0x8 common/built-in.o
                0x0000000017817b44                boot_get_setup
 .text.image_setup_linux
                0x0000000017817b4c       0x8c common/built-in.o
                0x0000000017817b4c                image_setup_linux
 .text.fdt_error
                0x0000000017817bd8       0x2c common/built-in.o
 .text.boot_fdt_add_mem_rsv_regions
                0x0000000017817c04       0x88 common/built-in.o
                0x0000000017817c04                boot_fdt_add_mem_rsv_regions
 .text.boot_relocate_fdt
                0x0000000017817c8c      0x194 common/built-in.o
                0x0000000017817c8c                boot_relocate_fdt
 .text.boot_get_fdt
                0x0000000017817e20      0x2ac common/built-in.o
                0x0000000017817e20                boot_get_fdt
 .text.ft_verify_fdt
                0x00000000178180cc        0x8 common/built-in.o
                0x00000000178180cc                ft_verify_fdt
 .text.image_setup_libfdt
                0x00000000178180d4       0xe8 common/built-in.o
                0x00000000178180d4                image_setup_libfdt
 .text.get_effective_memsize
                0x00000000178181bc        0x8 common/built-in.o
                0x00000000178181bc                get_effective_memsize
 .text.nulldev_putc
                0x00000000178181c4        0x4 common/built-in.o
 .text.nulldev_puts
                0x00000000178181c8        0x4 common/built-in.o
 .text.nulldev_input
                0x00000000178181cc        0x8 common/built-in.o
 .text.stdio_serial_tstc
                0x00000000178181d4        0x4 common/built-in.o
 .text.stdio_serial_getc
                0x00000000178181d8        0x4 common/built-in.o
 .text.stdio_serial_puts
                0x00000000178181dc        0x8 common/built-in.o
 .text.stdio_serial_putc
                0x00000000178181e4        0x8 common/built-in.o
 .text.stdio_get_list
                0x00000000178181ec        0xc common/built-in.o
                0x00000000178181ec                stdio_get_list
 .text.stdio_get_by_name
                0x00000000178181f8       0x5c common/built-in.o
                0x00000000178181f8                stdio_get_by_name
 .text.stdio_clone
                0x0000000017818254       0x38 common/built-in.o
                0x0000000017818254                stdio_clone
 .text.stdio_register_dev
                0x000000001781828c       0x50 common/built-in.o
                0x000000001781828c                stdio_register_dev
 .text.stdio_register
                0x00000000178182dc        0x8 common/built-in.o
                0x00000000178182dc                stdio_register
 .text.stdio_init_tables
                0x00000000178182e4       0x1c common/built-in.o
                0x00000000178182e4                stdio_init_tables
 .text.stdio_add_devices
                0x0000000017818300       0xd4 common/built-in.o
                0x0000000017818300                stdio_add_devices
 .text.run_command
                0x00000000178183d4       0x10 common/built-in.o
                0x00000000178183d4                run_command
 .text.run_command_list
                0x00000000178183e4       0x5c common/built-in.o
                0x00000000178183e4                run_command_list
 .text.do_run   0x0000000017818440       0x78 common/built-in.o
                0x0000000017818440                do_run
 .text.cli_loop
                0x00000000178184b8        0xc common/built-in.o
                0x00000000178184b8                cli_loop
 .text.cli_init
                0x00000000178184c4        0x4 common/built-in.o
                0x00000000178184c4                cli_init
 .text.delete_char.part.0
                0x00000000178184c8       0xd0 common/built-in.o
 .text.cread_add_char
                0x0000000017818598       0xe8 common/built-in.o
 .text.cli_readline_into_buffer
                0x0000000017818680      0x9c0 common/built-in.o
                0x0000000017818680                cli_readline_into_buffer
 .text.cli_readline
                0x0000000017819040       0x14 common/built-in.o
                0x0000000017819040                cli_readline
 .text.find_cmd_tbl
                0x0000000017819054       0xa4 common/built-in.o
                0x0000000017819054                find_cmd_tbl
 .text.find_cmd
                0x00000000178190f8       0x28 common/built-in.o
                0x00000000178190f8                find_cmd
 .text.cmd_usage
                0x0000000017819120       0x5c common/built-in.o
                0x0000000017819120                cmd_usage
 .text._do_help
                0x000000001781917c      0x180 common/built-in.o
                0x000000001781917c                _do_help
 .text.var_complete
                0x00000000178192fc       0x7c common/built-in.o
                0x00000000178192fc                var_complete
 .text.cmd_auto_complete
                0x0000000017819378      0x4b0 common/built-in.o
                0x0000000017819378                cmd_auto_complete
 .text.cmd_get_data_size
                0x0000000017819828       0x5c common/built-in.o
                0x0000000017819828                cmd_get_data_size
 .text.cmd_process
                0x0000000017819884       0xf4 common/built-in.o
                0x0000000017819884                cmd_process
 .text.cmd_process_error
                0x0000000017819978       0x34 common/built-in.o
                0x0000000017819978                cmd_process_error
 .text.hex1_bin
                0x00000000178199ac       0x40 common/built-in.o
 .text.hex2_bin
                0x00000000178199ec       0x38 common/built-in.o
 .text.srec_decode
                0x0000000017819a24      0x254 common/built-in.o
                0x0000000017819a24                srec_decode
 .text.CYGACC_COMM_IF_GETC_TIMEOUT.isra.0
                0x0000000017819c78       0x5c common/built-in.o
 .text.xyzModem_flush
                0x0000000017819cd4       0x1c common/built-in.o
 .text.xyzModem_get_hdr
                0x0000000017819cf0      0x230 common/built-in.o
 .text.xyzModem_stream_open
                0x0000000017819f20      0x23c common/built-in.o
                0x0000000017819f20                xyzModem_stream_open
 .text.xyzModem_stream_read
                0x000000001781a15c      0x258 common/built-in.o
                0x000000001781a15c                xyzModem_stream_read
 .text.xyzModem_stream_close
                0x000000001781a3b4       0x54 common/built-in.o
                0x000000001781a3b4                xyzModem_stream_close
 .text.xyzModem_stream_terminate
                0x000000001781a408       0x94 common/built-in.o
                0x000000001781a408                xyzModem_stream_terminate
 .text.xyzModem_error
                0x000000001781a49c       0x20 common/built-in.o
                0x000000001781a49c                xyzModem_error
 .text.common_diskboot
                0x000000001781a4bc      0x238 common/built-in.o
                0x000000001781a4bc                common_diskboot
 .text.get_dev_hwpart
                0x000000001781a6f4       0xb0 disk/built-in.o
 .text.dev_print
                0x000000001781a7a4      0x204 disk/built-in.o
                0x000000001781a7a4                dev_print
 .text.init_part
                0x000000001781a9a8       0x20 disk/built-in.o
                0x000000001781a9a8                init_part
 .text.print_part
                0x000000001781a9c8       0xf4 disk/built-in.o
                0x000000001781a9c8                print_part
 .text.get_partition_info
                0x000000001781aabc       0x2c disk/built-in.o
                0x000000001781aabc                get_partition_info
 .text.get_device
                0x000000001781aae8      0x114 disk/built-in.o
                0x000000001781aae8                get_device
 .text.get_device_and_partition
                0x000000001781abfc      0x440 disk/built-in.o
                0x000000001781abfc                get_device_and_partition
 .text.test_block_type
                0x000000001781b03c       0x84 disk/built-in.o
 .text.print_partition_extended
                0x000000001781b0c0      0x278 disk/built-in.o
 .text.get_partition_info_extended.constprop.2
                0x000000001781b338      0x2d4 disk/built-in.o
 .text.test_part_dos
                0x000000001781b60c       0x64 disk/built-in.o
                0x000000001781b60c                test_part_dos
 .text.print_part_dos
                0x000000001781b670       0x34 disk/built-in.o
                0x000000001781b670                print_part_dos
 .text.get_partition_info_dos
                0x000000001781b6a4       0x20 disk/built-in.o
                0x000000001781b6a4                get_partition_info_dos
 .text.device_bind
                0x000000001781b6c4      0x268 drivers/built-in.o
                0x000000001781b6c4                device_bind
 .text.device_bind_by_name
                0x000000001781b92c       0x5c drivers/built-in.o
                0x000000001781b92c                device_bind_by_name
 .text.device_probe
                0x000000001781b988        0x8 drivers/built-in.o
                0x000000001781b988                device_probe
 .text.device_probe_child
                0x000000001781b990      0x208 drivers/built-in.o
                0x000000001781b990                device_probe_child
 .text.dev_get_platdata
                0x000000001781bb98       0x34 drivers/built-in.o
                0x000000001781bb98                dev_get_platdata
 .text.dev_get_priv
                0x000000001781bbcc       0x34 drivers/built-in.o
                0x000000001781bbcc                dev_get_priv
 .text.lists_driver_lookup_name
                0x000000001781bc00       0x4c drivers/built-in.o
                0x000000001781bc00                lists_driver_lookup_name
 .text.lists_uclass_lookup
                0x000000001781bc4c       0x3c drivers/built-in.o
                0x000000001781bc4c                lists_uclass_lookup
 .text.lists_bind_drivers
                0x000000001781bc88       0x88 drivers/built-in.o
                0x000000001781bc88                lists_bind_drivers
 .text.dm_root  0x000000001781bd10       0x28 drivers/built-in.o
                0x000000001781bd10                dm_root
 .text.dm_init  0x000000001781bd38       0x58 drivers/built-in.o
                0x000000001781bd38                dm_init
 .text.dm_scan_platdata
                0x000000001781bd90       0x2c drivers/built-in.o
                0x000000001781bd90                dm_scan_platdata
 .text.dm_scan_other
                0x000000001781bdbc        0x8 drivers/built-in.o
                0x000000001781bdbc                dm_scan_other
 .text.dm_init_and_scan
                0x000000001781bdc4       0x30 drivers/built-in.o
                0x000000001781bdc4                dm_init_and_scan
 .text.uclass_find
                0x000000001781bdf4       0x4c drivers/built-in.o
                0x000000001781bdf4                uclass_find
 .text.uclass_get
                0x000000001781be40      0x134 drivers/built-in.o
                0x000000001781be40                uclass_get
 .text.uclass_find_device
                0x000000001781bf74       0x68 drivers/built-in.o
                0x000000001781bf74                uclass_find_device
 .text.uclass_find_device_by_seq
                0x000000001781bfdc       0x7c drivers/built-in.o
                0x000000001781bfdc                uclass_find_device_by_seq
 .text.uclass_get_device
                0x000000001781c058       0x3c drivers/built-in.o
                0x000000001781c058                uclass_get_device
 .text.uclass_bind_device
                0x000000001781c094       0xa4 drivers/built-in.o
                0x000000001781c094                uclass_bind_device
 .text.uclass_unbind_device
                0x000000001781c138       0x50 drivers/built-in.o
                0x000000001781c138                uclass_unbind_device
 .text.uclass_resolve_seq
                0x000000001781c188       0xb0 drivers/built-in.o
                0x000000001781c188                uclass_resolve_seq
 .text.uclass_pre_probe_child
                0x000000001781c238       0x2c drivers/built-in.o
                0x000000001781c238                uclass_pre_probe_child
 .text.uclass_post_probe_device
                0x000000001781c264       0x20 drivers/built-in.o
                0x000000001781c264                uclass_post_probe_device
 .text.uclass_pre_remove_device
                0x000000001781c284       0x5c drivers/built-in.o
                0x000000001781c284                uclass_pre_remove_device
 .text.dm_warn  0x000000001781c2e0       0x28 drivers/built-in.o
                0x000000001781c2e0                dm_warn
 .text.device_free
                0x000000001781c308       0x90 drivers/built-in.o
                0x000000001781c308                device_free
 .text.device_remove
                0x000000001781c398      0x138 drivers/built-in.o
                0x000000001781c398                device_remove
 .text.finish_access
                0x000000001781c4d0       0x2c drivers/built-in.o
 .text.prepare_access
                0x000000001781c4fc       0x8c drivers/built-in.o
 .text.set_timing
                0x000000001781c588       0xb8 drivers/built-in.o
 .text.fuse_read
                0x000000001781c640       0x6c drivers/built-in.o
                0x000000001781c640                fuse_read
 .text.fuse_sense
                0x000000001781c6ac       0xac drivers/built-in.o
                0x000000001781c6ac                fuse_sense
 .text.fuse_prog
                0x000000001781c758       0xa8 drivers/built-in.o
                0x000000001781c758                fuse_prog
 .text.fuse_override
                0x000000001781c800       0x60 drivers/built-in.o
                0x000000001781c800                fuse_override
 .text.video_drawchars
                0x000000001781c860      0x44c drivers/built-in.o
 .text.draw_bitmap
                0x000000001781ccac       0xdc drivers/built-in.o
 .text.console_newline.constprop.1
                0x000000001781cd88       0xe0 drivers/built-in.o
 .text.video_putc
                0x000000001781ce68      0x194 drivers/built-in.o
 .text.video_puts
                0x000000001781cffc       0x7c drivers/built-in.o
 .text.board_cfb_skip
                0x000000001781d078        0x8 drivers/built-in.o
                0x000000001781d078                board_cfb_skip
 .text.video_set_lut
                0x000000001781d080        0x8 drivers/built-in.o
                0x000000001781d084                video_set_lut
 .text.display_rle8_bitmap
                0x000000001781d088      0x348 drivers/built-in.o
 .text.plot_logo_or_black
                0x000000001781d3d0      0x268 drivers/built-in.o
 .text.do_clrlogo
                0x000000001781d638       0x58 drivers/built-in.o
 .text.video_display_bitmap
                0x000000001781d690      0x988 drivers/built-in.o
                0x000000001781d690                video_display_bitmap
 .text.video_clear
                0x000000001781e018       0x54 drivers/built-in.o
                0x000000001781e018                video_clear
 .text.drv_video_init
                0x000000001781e06c      0x41c drivers/built-in.o
                0x000000001781e06c                drv_video_init
 .text.mxcfb_map_video_memory
                0x000000001781e488       0x88 drivers/built-in.o
 .text.ipuv3_fb_shutdown
                0x000000001781e510       0x60 drivers/built-in.o
                0x000000001781e510                ipuv3_fb_shutdown
 .text.video_hw_init
                0x000000001781e570      0x5cc drivers/built-in.o
                0x000000001781e570                video_hw_init
 .text.ipuv3_fb_init
                0x000000001781eb3c       0x2c drivers/built-in.o
                0x000000001781eb3c                ipuv3_fb_init
 .text.clk_ipu_enable
                0x000000001781eb68       0x20 drivers/built-in.o
 .text.clk_ipu_disable
                0x000000001781eb88       0x1c drivers/built-in.o
 .text.ipu_pixel_clk_recalc
                0x000000001781eba4       0x44 drivers/built-in.o
 .text.ipu_pixel_clk_round_rate
                0x000000001781ebe8       0x7c drivers/built-in.o
 .text.ipu_pixel_clk_set_rate
                0x000000001781ec64       0x68 drivers/built-in.o
 .text.ipu_pixel_clk_enable
                0x000000001781eccc       0x28 drivers/built-in.o
 .text.ipu_pixel_clk_disable
                0x000000001781ecf4       0x24 drivers/built-in.o
 .text.ipu_pixel_clk_set_parent
                0x000000001781ed18       0x84 drivers/built-in.o
 .text.clk_enable
                0x000000001781ed9c       0x24 drivers/built-in.o
                0x000000001781ed9c                clk_enable
 .text.clk_disable
                0x000000001781edc0       0x30 drivers/built-in.o
                0x000000001781edc0                clk_disable
 .text.clk_get_usecount
                0x000000001781edf0        0xc drivers/built-in.o
                0x000000001781edf0                clk_get_usecount
 .text.clk_get_rate
                0x000000001781edfc        0xc drivers/built-in.o
                0x000000001781edfc                clk_get_rate
 .text.clk_get_parent
                0x000000001781ee08        0xc drivers/built-in.o
                0x000000001781ee08                clk_get_parent
 .text.clk_set_rate
                0x000000001781ee14       0x24 drivers/built-in.o
                0x000000001781ee14                clk_set_rate
 .text.clk_round_rate
                0x000000001781ee38       0x20 drivers/built-in.o
                0x000000001781ee38                clk_round_rate
 .text.clk_set_parent
                0x000000001781ee58       0x1c drivers/built-in.o
                0x000000001781ee58                clk_set_parent
 .text.ipu_probe
                0x000000001781ee74      0x150 drivers/built-in.o
                0x000000001781ee74                ipu_probe
 .text.ipu_dump_registers
                0x000000001781efc4        0x4 drivers/built-in.o
                0x000000001781efc4                ipu_dump_registers
 .text.ipu_init_channel
                0x000000001781efc8      0x1fc drivers/built-in.o
                0x000000001781efc8                ipu_init_channel
 .text.ipu_uninit_channel
                0x000000001781f1c4      0x220 drivers/built-in.o
                0x000000001781f1c4                ipu_uninit_channel
 .text.ipu_enable_channel
                0x000000001781f3e4       0xe8 drivers/built-in.o
                0x000000001781f3e4                ipu_enable_channel
 .text.ipu_clear_buffer_ready
                0x000000001781f4cc       0x7c drivers/built-in.o
                0x000000001781f4cc                ipu_clear_buffer_ready
 .text.ipu_disable_channel
                0x000000001781f548      0x198 drivers/built-in.o
                0x000000001781f548                ipu_disable_channel
 .text.bytes_per_pixel
                0x000000001781f6e0       0xec drivers/built-in.o
                0x000000001781f6e0                bytes_per_pixel
 .text.ipu_init_channel_buffer
                0x000000001781f7cc      0x5c0 drivers/built-in.o
                0x000000001781f7cc                ipu_init_channel_buffer
 .text.format_to_colorspace
                0x000000001781fd8c       0xc4 drivers/built-in.o
                0x000000001781fd8c                format_to_colorspace
 .text.ipu_dc_map_config
                0x000000001781fe50       0x70 drivers/built-in.o
 .text.rgb_to_yuv
                0x000000001781fec0       0x70 drivers/built-in.o
 .text.ipu_dc_link_event
                0x000000001781ff30      0x170 drivers/built-in.o
 .text.ipu_dp_csc_setup.isra.0
                0x00000000178200a0      0x100 drivers/built-in.o
 .text.ipu_di_sync_config.constprop.3
                0x00000000178201a0       0xf0 drivers/built-in.o
 .text.ipu_dmfc_init
                0x0000000017820290      0x158 drivers/built-in.o
                0x0000000017820290                ipu_dmfc_init
 .text.ipu_dmfc_set_wait4eot
                0x00000000178203e8      0x130 drivers/built-in.o
                0x00000000178203e8                ipu_dmfc_set_wait4eot
 .text.ipu_dp_init
                0x0000000017820518      0x1f8 drivers/built-in.o
                0x0000000017820518                ipu_dp_init
 .text.ipu_dp_uninit
                0x0000000017820710       0x7c drivers/built-in.o
                0x0000000017820710                ipu_dp_uninit
 .text.ipu_dc_init
                0x000000001782078c      0x2d0 drivers/built-in.o
                0x000000001782078c                ipu_dc_init
 .text.ipu_dc_uninit
                0x0000000017820a5c      0x1b4 drivers/built-in.o
                0x0000000017820a5c                ipu_dc_uninit
 .text.ipu_dp_dc_enable
                0x0000000017820c10      0x1b4 drivers/built-in.o
                0x0000000017820c10                ipu_dp_dc_enable
 .text.ipu_dp_dc_disable
                0x0000000017820dc4      0x2f4 drivers/built-in.o
                0x0000000017820dc4                ipu_dp_dc_disable
 .text.ipu_init_dc_mappings
                0x00000000178210b8      0x184 drivers/built-in.o
                0x00000000178210b8                ipu_init_dc_mappings
 .text.ipu_init_sync_panel
                0x000000001782123c      0x7c0 drivers/built-in.o
                0x000000001782123c                ipu_init_sync_panel
 .text.ipu_disp_set_global_alpha
                0x00000000178219fc      0x100 drivers/built-in.o
                0x00000000178219fc                ipu_disp_set_global_alpha
 .text.ipu_disp_set_color_key
                0x0000000017821afc      0x1a4 drivers/built-in.o
                0x0000000017821afc                ipu_disp_set_color_key
 .text.reset_cpu
                0x0000000017821ca0       0x28 drivers/built-in.o
                0x0000000017821ca0                reset_cpu
 .text.thermal_get_temp
                0x0000000017821cc8       0x20 drivers/built-in.o
                0x0000000017821cc8                thermal_get_temp
 .text.read_cpu_temperature
                0x0000000017821ce8       0xec drivers/built-in.o
 .text.imx_thermal_get_temp
                0x0000000017821dd4       0x6c drivers/built-in.o
                0x0000000017821dd4                imx_thermal_get_temp
 .text.imx_thermal_probe
                0x0000000017821e40       0x88 drivers/built-in.o
 .text.gpio_set_value
                0x0000000017821ec8       0x44 drivers/gpio/built-in.o
                0x0000000017821ec8                gpio_set_value
 .text.gpio_get_value
                0x0000000017821f0c       0x34 drivers/gpio/built-in.o
                0x0000000017821f0c                gpio_get_value
 .text.gpio_request
                0x0000000017821f40       0x10 drivers/gpio/built-in.o
                0x0000000017821f40                gpio_request
 .text.gpio_free
                0x0000000017821f50        0x8 drivers/gpio/built-in.o
                0x0000000017821f50                gpio_free
 .text.gpio_direction_input
                0x0000000017821f58       0x3c drivers/gpio/built-in.o
                0x0000000017821f58                gpio_direction_input
 .text.gpio_direction_output
                0x0000000017821f94       0x50 drivers/gpio/built-in.o
                0x0000000017821f94                gpio_direction_output
 .text.i2c_get_adapter
                0x0000000017821fe4       0x64 drivers/i2c/built-in.o
                0x0000000017821fe4                i2c_get_adapter
 .text.i2c_init_bus
                0x0000000017822048       0x90 drivers/i2c/built-in.o
 .text.i2c_get_bus_num
                0x00000000178220d8        0x8 drivers/i2c/built-in.o
                0x00000000178220d8                i2c_get_bus_num
 .text.i2c_set_bus_num
                0x00000000178220e0       0xbc drivers/i2c/built-in.o
                0x00000000178220e0                i2c_set_bus_num
 .text.i2c_init_all
                0x000000001782219c       0x14 drivers/i2c/built-in.o
                0x000000001782219c                i2c_init_all
 .text.i2c_probe
                0x00000000178221b0       0x2c drivers/i2c/built-in.o
                0x00000000178221b0                i2c_probe
 .text.i2c_read
                0x00000000178221dc       0x4c drivers/i2c/built-in.o
                0x00000000178221dc                i2c_read
 .text.i2c_write
                0x0000000017822228       0x4c drivers/i2c/built-in.o
                0x0000000017822228                i2c_write
 .text.i2c_set_bus_speed
                0x0000000017822274       0x64 drivers/i2c/built-in.o
                0x0000000017822274                i2c_set_bus_speed
 .text.i2c_get_bus_speed
                0x00000000178222d8       0x14 drivers/i2c/built-in.o
                0x00000000178222d8                i2c_get_bus_speed
 .text.i2c_init